###############################################################################
#
# IAR ELF Linker V8.50.9.278/W32 for ARM                  23/Feb/2021  22:47:33
# Copyright 2007-2020 IAR Systems AB.
#
#    Output file  =
#        C:\uni\2021\embarcados\EK-TM4C1294_IAR8-master\Projects\embarcados_lab1\Debug\Exe\lab1.out
#    Map file     =
#        C:\uni\2021\embarcados\EK-TM4C1294_IAR8-master\Projects\embarcados_lab1\Debug\List\lab1.map
#    Command line =
#        -f C:\Users\eksch\AppData\Local\Temp\EW2529.tmp
#        (C:\uni\2021\embarcados\EK-TM4C1294_IAR8-master\TivaWare_C_Series-2.1.4.178\driverlib\ewarm\Exe\driverlib.a
#        C:\uni\2021\embarcados\EK-TM4C1294_IAR8-master\Projects\embarcados_lab1\Debug\Obj\main.o
#        C:\uni\2021\embarcados\EK-TM4C1294_IAR8-master\Projects\embarcados_lab1\Debug\Obj\startup_TM4C1294.o
#        C:\uni\2021\embarcados\EK-TM4C1294_IAR8-master\Projects\embarcados_lab1\Debug\Obj\system_TM4C1294_TW.o
#        --no_out_extension -o
#        C:\uni\2021\embarcados\EK-TM4C1294_IAR8-master\Projects\embarcados_lab1\Debug\Exe\lab1.out
#        --map
#        C:\uni\2021\embarcados\EK-TM4C1294_IAR8-master\Projects\embarcados_lab1\Debug\List\lab1.map
#        --config "C:\Program Files (x86)\IAR Systems\Embedded Workbench
#        8.4\arm\config\linker\TexasInstruments\TM4C1294NC.icf" --semihosting
#        --entry __iar_program_start --vfe --text_out locale)
#
###############################################################################

*******************************************************************************
*** RUNTIME MODEL ATTRIBUTES
***

CppFlavor       = *
__SystemLibrary = DLib
__dlib_version  = 6


*******************************************************************************
*** HEAP SELECTION
***

The basic heap was selected because some modules are built with
size limitations (and not runtime checking), and --advanced_heap
was not specified.


*******************************************************************************
*** PLACEMENT SUMMARY
***

"A0":  place at address 0x0 { ro section .intvec };
"P1":  place in [from 0x0 to 0xf'ffff] { ro };
define block CSTACK with size = 32K, alignment = 8 { };
define block HEAP with size = 64K, alignment = 8 { };
"P2":  place in [from 0x2000'0000 to 0x2003'ffff] {
          rw, block CSTACK, block HEAP };

  Section   Kind         Address    Size  Object
  -------   ----         -------    ----  ------
"A0":                              0x3c0
  .intvec   ro code          0x0   0x3c0  startup_TM4C1294.o [1]
                         - 0x3c0   0x3c0

"P1":                              0x758
  .text     ro code        0x3c0   0x2a4  sysctl.o [3]
  .rodata   const          0x664   0x1b0  sysctl.o [3]
  .text     ro code        0x814   0x14e  gpio.o [3]
  .text     ro code        0x962     0x2  startup_TM4C1294.o [1]
  .text     ro code        0x964    0x74  main.o [1]
  .rodata   const          0x9d8    0x6c  sysctl.o [3]
  .rodata   const          0xa44    0x30  sysctl.o [3]
  .text     ro code        0xa74    0x2c  system_TM4C1294_TW.o [1]
  .text     ro code        0xaa0    0x1e  cmain.o [4]
  .text     ro code        0xabe     0x4  low_level_init.o [2]
  .text     ro code        0xac2     0x4  exit.o [2]
  .text     ro code        0xac8     0xa  cexit.o [4]
  .text     ro code        0xad4    0x14  exit.o [5]
  .text     ro code        0xae8    0x1c  cstartup_M.o [4]
  .text     ro code        0xb04    0x14  startup_TM4C1294.o [1]
                         - 0xb18   0x758

"P2":                             0x8008
  .noinit   uninit   0x2000'0000     0x4  system_TM4C1294_TW.o [1]
  CSTACK             0x2000'0008  0x8000  <Block>
    CSTACK  uninit   0x2000'0008  0x8000  <Block tail>
                   - 0x2000'8008  0x8008

Unused ranges:

         From           To      Size
         ----           --      ----
        0xb18     0xf'ffff  0xf'f4e8
  0x2000'8008  0x2003'ffff  0x3'7ff8



*******************************************************************************
*** MODULE SUMMARY
***

    Module                ro code  ro data  rw data
    ------                -------  -------  -------
command line/config:
    -----------------------------------------------
    Total:

C:\uni\2021\embarcados\EK-TM4C1294_IAR8-master\Projects\embarcados_lab1\Debug\Obj: [1]
    main.o                    116
    startup_TM4C1294.o        982
    system_TM4C1294_TW.o       44                 4
    -----------------------------------------------
    Total:                  1'142                 4

dl7M_tln.a: [2]
    exit.o                      4
    low_level_init.o            4
    -----------------------------------------------
    Total:                      8

driverlib.a: [3]
    gpio.o                    334
    sysctl.o                  676      588
    -----------------------------------------------
    Total:                  1'010      588

rt7M_tl.a: [4]
    cexit.o                    10
    cmain.o                    30
    cstartup_M.o               28
    -----------------------------------------------
    Total:                     68

shb_l.a: [5]
    exit.o                     20
    -----------------------------------------------
    Total:                     20

    Gaps                        4
    Linker created                           32'768
---------------------------------------------------
    Grand Total:            2'252      588   32'772


*******************************************************************************
*** ENTRY LIST
***

Entry                       Address   Size  Type      Object
-----                       -------   ----  ----      ------
?main                         0xaa1         Code  Gb  cmain.o [4]
CSTACK$$Base            0x2000'0008          --   Gb  - Linker created -
CSTACK$$Limit           0x2000'8008          --   Gb  - Linker created -
GPIODirModeSet                0x815   0x28  Code  Gb  gpio.o [3]
GPIOPadConfigSet              0x83d  0x102  Code  Gb  gpio.o [3]
GPIOPinTypeGPIOOutput         0x947    0xa  Code  Gb  gpio.o [3]
GPIOPinWrite                  0x93f    0x8  Code  Gb  gpio.o [3]
Region$$Table$$Base             0x0          --   Gb  - Linker created -
Region$$Table$$Limit            0x0          --   Gb  - Linker created -
SysCtlClockFreqSet            0x429  0x1fc  Code  Gb  sysctl.o [3]
SysCtlDelay                   0x421    0x8  Code  Gb  sysctl.o [3]
SysCtlPeripheralEnable        0x403    0x8  Code  Gb  sysctl.o [3]
SysCtlPeripheralReady         0x3e1    0x8  Code  Gb  sysctl.o [3]
SystemCoreClock         0x2000'0000    0x4  Data  Gb  system_TM4C1294_TW.o [1]
SystemInit                    0xa75   0x1a  Code  Gb  system_TM4C1294_TW.o [1]
_SysCtlMemTimingGet           0x3c1   0x20  Code  Lc  sysctl.o [3]
__Vectors                       0x0          --   Gb  startup_TM4C1294.o [1]
__Vectors_End                 0x3c0         Data  Gb  startup_TM4C1294.o [1]
__Vectors_Size {Abs}          0x3c0          --   Gb  startup_TM4C1294.o [1]
__cmain                       0xaa1         Code  Gb  cmain.o [4]
__exit                        0xad5   0x14  Code  Gb  exit.o [5]
__iar_init_vfp                0xb0d         Code  Wk  startup_TM4C1294.o [1]
__iar_program_start           0xae9         Code  Gb  cstartup_M.o [4]
__low_level_init              0xabf    0x4  Code  Gb  low_level_init.o [2]
__vector_table                  0x0         Data  Gb  startup_TM4C1294.o [1]
__vector_table_0x1c            0x1c         Data  Gb  startup_TM4C1294.o [1]
_call_main                    0xaad         Code  Gb  cmain.o [4]
_exit                         0xac9         Code  Gb  cexit.o [4]
_main                         0xab7         Code  Gb  cmain.o [4]
exit                          0xac3    0x4  Code  Gb  exit.o [2]
g_pppui32XTALtoVCO            0x664  0x1b0  Data  Lc  sysctl.o [3]
g_pui32VCOFrequencies         0x65c    0x8  Data  Lc  sysctl.o [3]
g_pui32Xtals                  0x9d8   0x6c  Data  Lc  sysctl.o [3]
g_sXTALtoMEMTIM               0xa44   0x30  Data  Lc  sysctl.o [3]
main                          0x965   0x74  Code  Gb  main.o [1]


[1] = C:\uni\2021\embarcados\EK-TM4C1294_IAR8-master\Projects\embarcados_lab1\Debug\Obj
[2] = dl7M_tln.a
[3] = driverlib.a
[4] = rt7M_tl.a
[5] = shb_l.a

   2'252 bytes of readonly  code memory
     588 bytes of readonly  data memory
  32'772 bytes of readwrite data memory

Errors: none
Warnings: none
